Timeout
timeout
Error: Timeout: timeout
Ok("ok")
fallback
Ok("fallback")
Ok("ok")
retry:Timeout
Error: Timeout: timeout
Ok("retry")
Err(DnsFailure("dns failure"))
Ok("ok")
retry:TimeoutWithDetail
Error: TimeoutWithDetail: runtime
Ok("retry")
matched:ConnectionReset
Error: ConnectionReset: connection reset
