Ok(123)
Ok(123)
Ok(255)
Ok(15)
Ok(13)
Ok(123)
Ok(123)
Ok(255)
Ok(15)
Ok(13)
Err(ParseIntError("invalid digit for hexadecimal integer: x at index 1"))
Err(ParseIntError("invalid digit for octal integer: 8 at index 1"))
Err(ParseIntError("invalid digit for binary integer: 2 at index 2"))
Err(ParseIntLiteralError("unknown integer base prefix: 0q"))
Err(ParseIntLiteralError("missing digits after integer base prefix: 0x"))
Err(ParseIntLiteralError("empty integer literal input"))
