HashMapKeyMissing:b:hash map key not found: b
IntLiteralPatternMismatch
HashMapKeyMissing:z:hash map key not found: z
HashMapKeyMissing:actual-key:hash map key not found: actual-key
Ok(Ok(2))
Ok(2)
ResultVariantPatternMismatch
True
HashMapKeyMissing:original:hash map key not found: original
HashMapKeyMissing:b:hash map key not found: b
HashMapKeyMissing:original:hash map key not found: original
